2026-05-21 14:59:48 [info]: App is starting...
2026-05-21 15:01:26 [info]: App is starting...
2026-05-21 15:01:50 [info]: App is starting...
2026-05-21 15:02:50 [info]: App is starting...
2026-05-21 15:03:07 [info]: App is starting...
2026-05-21 15:03:28 [info]: App is starting...
2026-05-21 15:05:09 [info]: App is starting...
2026-05-21 15:05:34 [info]: App is starting...
2026-05-21 15:06:51 [info]: App is starting...
2026-05-21 15:06:51 [info]: Server running on port 3000
2026-05-21 15:08:29 [info]: App is starting...
2026-05-21 15:08:29 [info]: Server running on port 3000
2026-05-21 15:14:30 [info]: App is starting...
2026-05-21 15:14:30 [info]: Server running on port 3000
2026-05-21 15:20:03 [info]: App is starting...
2026-05-21 15:20:03 [info]: Server running on port 3000
2026-05-21 15:20:11 [info]: Received a request to the root endpoint
2026-05-21 15:20:11 [info]: ::1 - - [21/May/2026:12:20:11 +0000] "GET / HTTP/1.1" 200 22 "-" "HTTPie"
2026-05-21 15:21:18 [info]: ::1 - - [21/May/2026:12:21:18 +0000] "GET /help HTTP/1.1" 404 143 "-" "HTTPie"
2026-05-21 15:21:32 [info]: ::1 - - [21/May/2026:12:21:32 +0000] "GET /health HTTP/1.1" 200 74 "-" "HTTPie"
2026-05-21 15:21:45 [info]: ::1 - - [21/May/2026:12:21:45 +0000] "GET /health HTTP/1.1" 200 75 "-" "HTTPie"
2026-05-21 15:21:46 [info]: ::1 - - [21/May/2026:12:21:46 +0000] "GET /health HTTP/1.1" 200 75 "-" "HTTPie"
2026-05-21 15:21:47 [info]: ::1 - - [21/May/2026:12:21:47 +0000] "GET /health HTTP/1.1" 200 75 "-" "HTTPie"
2026-05-21 15:22:37 [info]: ::1 - - [21/May/2026:12:22:37 +0000] "GET /api/auth/sign-in HTTP/1.1" 404 155 "-" "HTTPie"
2026-05-21 15:23:14 [info]: ::1 - - [21/May/2026:12:23:14 +0000] "POST /api/auth/sign-in HTTP/1.1" 200 27 "-" "HTTPie"
2026-05-21 15:48:59 [info]: App is starting...
2026-05-21 15:48:59 [info]: Server running on port 3000
2026-05-21 15:49:00 [info]: App is starting...
2026-05-21 15:49:00 [info]: Server running on port 3000
2026-05-21 21:20:02 [info]: App is starting...
2026-05-21 21:20:02 [info]: Server running on port 3000
2026-05-21 21:20:02 [info]: App is starting...
2026-05-21 21:20:02 [info]: Server running on port 3000
2026-05-22 17:02:04 [info]: App is starting...
2026-05-22 17:02:04 [info]: Server running on port 3000
2026-05-22 17:02:04 [info]: App is starting...
2026-05-22 17:02:04 [info]: Server running on port 3000
2026-05-23 23:11:17 [info]: App is starting...
2026-05-23 23:11:17 [info]: Server running on port 3000
2026-05-23 23:11:17 [info]: App is starting...
2026-05-23 23:11:17 [info]: Server running on port 3000
2026-05-23 23:28:02 [info]: App is starting...
2026-05-23 23:28:02 [info]: Server running on port 3000
2026-05-23 23:29:02 [info]: ::1 - - [23/May/2026:20:29:02 +0000] "POST /api/auth/sign-up HTTP/1.1" 400 92 "-" "HTTPie"
2026-05-24 00:10:34 [info]: App is starting...
2026-05-24 00:10:34 [info]: Server running on port 3000
2026-05-24 00:13:36 [info]: App is starting...
2026-05-24 00:13:36 [info]: Server running on port 3000
2026-05-24 00:13:37 [info]: App is starting...
2026-05-24 00:13:37 [info]: Server running on port 3000
