2026-05-21 14:48:10 [error]: ReferenceError: authRoutes is not defined
    at file:///C:/Users/Owner/Desktop/js-projects/devops/acquisitions/src/app.js:31:22
    at ModuleJob.run (node:internal/modules/esm/module_job:325:25)
    at async ModuleLoader.import (node:internal/modules/esm/loader:606:24)
    at async asyncRunEntryPointWithESMLoader (node:internal/modules/run_main:117:5)
2026-05-21 14:48:10 [error]: ReferenceError: authRoutes is not defined
    at file:///C:/Users/Owner/Desktop/js-projects/devops/acquisitions/src/app.js:31:22
    at ModuleJob.run (node:internal/modules/esm/module_job:325:25)
    at async ModuleLoader.import (node:internal/modules/esm/loader:606:24)
    at async asyncRunEntryPointWithESMLoader (node:internal/modules/run_main:117:5)
2026-05-21 14:48:52 [error]: ReferenceError: authRoutes is not defined
    at file:///C:/Users/Owner/Desktop/js-projects/devops/acquisitions/src/app.js:31:22
    at ModuleJob.run (node:internal/modules/esm/module_job:325:25)
    at async ModuleLoader.import (node:internal/modules/esm/loader:606:24)
    at async asyncRunEntryPointWithESMLoader (node:internal/modules/run_main:117:5)
2026-05-21 14:58:04 [error]: ReferenceError: authRoutes is not defined
    at file:///C:/Users/Owner/Desktop/js-projects/devops/acquisitions/src/app.js:31:22
    at ModuleJob.run (node:internal/modules/esm/module_job:325:25)
    at async ModuleLoader.import (node:internal/modules/esm/loader:606:24)
    at async asyncRunEntryPointWithESMLoader (node:internal/modules/run_main:117:5)
2026-05-21 14:59:48 [error]: ReferenceError: authRoutes is not defined
    at file:///C:/Users/Owner/Desktop/js-projects/devops/acquisitions/src/app.js:34:22
    at ModuleJob.run (node:internal/modules/esm/module_job:325:25)
    at async ModuleLoader.import (node:internal/modules/esm/loader:606:24)
    at async asyncRunEntryPointWithESMLoader (node:internal/modules/run_main:117:5)
2026-05-21 15:01:11 [error]: ReferenceError: PORT is not defined
    at file:///C:/Users/Owner/Desktop/js-projects/devops/acquisitions/src/app.js:34:12
    at ModuleJob.run (node:internal/modules/esm/module_job:325:25)
    at async ModuleLoader.import (node:internal/modules/esm/loader:606:24)
    at async asyncRunEntryPointWithESMLoader (node:internal/modules/run_main:117:5)
2026-05-21 15:01:26 [error]: ReferenceError: PORT is not defined
    at file:///C:/Users/Owner/Desktop/js-projects/devops/acquisitions/src/app.js:34:12
    at ModuleJob.run (node:internal/modules/esm/module_job:325:25)
    at async ModuleLoader.import (node:internal/modules/esm/loader:606:24)
    at async asyncRunEntryPointWithESMLoader (node:internal/modules/run_main:117:5)
2026-05-21 15:01:50 [error]: ReferenceError: authRoutes is not defined
    at file:///C:/Users/Owner/Desktop/js-projects/devops/acquisitions/src/app.js:34:22
    at ModuleJob.run (node:internal/modules/esm/module_job:325:25)
    at async ModuleLoader.import (node:internal/modules/esm/loader:606:24)
    at async asyncRunEntryPointWithESMLoader (node:internal/modules/run_main:117:5)
2026-05-21 15:02:50 [error]: ReferenceError: authRoutes is not defined
    at file:///C:/Users/Owner/Desktop/js-projects/devops/acquisitions/src/app.js:36:22
    at ModuleJob.run (node:internal/modules/esm/module_job:325:25)
    at async ModuleLoader.import (node:internal/modules/esm/loader:606:24)
    at async asyncRunEntryPointWithESMLoader (node:internal/modules/run_main:117:5)
2026-05-21 15:03:07 [error]: ReferenceError: authRoutes is not defined
    at file:///C:/Users/Owner/Desktop/js-projects/devops/acquisitions/src/app.js:41:22
    at ModuleJob.run (node:internal/modules/esm/module_job:325:25)
    at async ModuleLoader.import (node:internal/modules/esm/loader:606:24)
    at async asyncRunEntryPointWithESMLoader (node:internal/modules/run_main:117:5)
2026-05-21 15:03:28 [error]: ReferenceError: authRoutes is not defined
    at file:///C:/Users/Owner/Desktop/js-projects/devops/acquisitions/src/app.js:41:22
    at ModuleJob.run (node:internal/modules/esm/module_job:325:25)
    at async ModuleLoader.import (node:internal/modules/esm/loader:606:24)
    at async asyncRunEntryPointWithESMLoader (node:internal/modules/run_main:117:5)
2026-05-21 15:05:09 [error]: ReferenceError: authRoutes is not defined
    at file:///C:/Users/Owner/Desktop/js-projects/devops/acquisitions/src/app.js:49:22
    at ModuleJob.run (node:internal/modules/esm/module_job:325:25)
    at async ModuleLoader.import (node:internal/modules/esm/loader:606:24)
    at async asyncRunEntryPointWithESMLoader (node:internal/modules/run_main:117:5)
2026-05-21 15:05:34 [error]: ReferenceError: authRoutes is not defined
    at file:///C:/Users/Owner/Desktop/js-projects/devops/acquisitions/src/app.js:49:22
    at ModuleJob.run (node:internal/modules/esm/module_job:325:25)
    at async ModuleLoader.import (node:internal/modules/esm/loader:606:24)
    at async asyncRunEntryPointWithESMLoader (node:internal/modules/run_main:117:5)
2026-05-27 18:59:12 [error]: ReferenceError: express is not defined
    at file:///C:/Users/Owner/Desktop/js-projects/devops/acquisitions/src/config/arcject.js:4:13
    at ModuleJob.run (node:internal/modules/esm/module_job:325:25)
    at async ModuleLoader.import (node:internal/modules/esm/loader:606:24)
    at async asyncRunEntryPointWithESMLoader (node:internal/modules/run_main:117:5)
2026-05-27 18:59:13 [error]: ReferenceError: express is not defined
    at file:///C:/Users/Owner/Desktop/js-projects/devops/acquisitions/src/config/arcject.js:4:13
    at ModuleJob.run (node:internal/modules/esm/module_job:325:25)
    at async ModuleLoader.import (node:internal/modules/esm/loader:606:24)
    at async asyncRunEntryPointWithESMLoader (node:internal/modules/run_main:117:5)
2026-05-27 18:59:45 [error]: ReferenceError: express is not defined
    at file:///C:/Users/Owner/Desktop/js-projects/devops/acquisitions/src/config/arcject.js:4:13
    at ModuleJob.run (node:internal/modules/esm/module_job:325:25)
    at async ModuleLoader.import (node:internal/modules/esm/loader:606:24)
    at async asyncRunEntryPointWithESMLoader (node:internal/modules/run_main:117:5)
2026-05-27 19:01:38 [error]: ReferenceError: express is not defined
    at file:///C:/Users/Owner/Desktop/js-projects/devops/acquisitions/src/config/arcject.js:4:13
    at ModuleJob.run (node:internal/modules/esm/module_job:325:25)
    at async ModuleLoader.import (node:internal/modules/esm/loader:606:24)
    at async asyncRunEntryPointWithESMLoader (node:internal/modules/run_main:117:5)
2026-05-27 19:02:40 [error]: ReferenceError: express is not defined
    at file:///C:/Users/Owner/Desktop/js-projects/devops/acquisitions/src/config/arcject.js:4:13
    at ModuleJob.run (node:internal/modules/esm/module_job:325:25)
    at async ModuleLoader.import (node:internal/modules/esm/loader:606:24)
    at async asyncRunEntryPointWithESMLoader (node:internal/modules/run_main:117:5)
2026-05-27 19:07:41 [error]: ReferenceError: express is not defined
    at file:///C:/Users/Owner/Desktop/js-projects/devops/acquisitions/src/config/arcjet.js:4:13
    at ModuleJob.run (node:internal/modules/esm/module_job:325:25)
    at async ModuleLoader.import (node:internal/modules/esm/loader:606:24)
    at async asyncRunEntryPointWithESMLoader (node:internal/modules/run_main:117:5)
2026-05-27 19:10:51 [error]: ReferenceError: express is not defined
    at file:///C:/Users/Owner/Desktop/js-projects/devops/acquisitions/src/config/arcjet.js:4:13
    at ModuleJob.run (node:internal/modules/esm/module_job:325:25)
    at async ModuleLoader.import (node:internal/modules/esm/loader:606:24)
    at async asyncRunEntryPointWithESMLoader (node:internal/modules/run_main:117:5)
2026-05-27 19:11:37 [error]: ReferenceError: express is not defined
    at file:///C:/Users/Owner/Desktop/js-projects/devops/acquisitions/src/config/arcjet.js:4:13
    at ModuleJob.run (node:internal/modules/esm/module_job:325:25)
    at async ModuleLoader.import (node:internal/modules/esm/loader:606:24)
    at async asyncRunEntryPointWithESMLoader (node:internal/modules/run_main:117:5)
2026-05-27 19:11:57 [error]: ReferenceError: express is not defined
    at file:///C:/Users/Owner/Desktop/js-projects/devops/acquisitions/src/config/arcjet.js:4:13
    at ModuleJob.run (node:internal/modules/esm/module_job:325:25)
    at async ModuleLoader.import (node:internal/modules/esm/loader:606:24)
    at async asyncRunEntryPointWithESMLoader (node:internal/modules/run_main:117:5)
2026-05-28 15:59:45 [error]: ReferenceError: express is not defined
    at file:///C:/Users/Owner/Desktop/js-projects/devops/acquisitions/src/config/arcjet.js:4:13
    at ModuleJob.run (node:internal/modules/esm/module_job:325:25)
    at async ModuleLoader.import (node:internal/modules/esm/loader:606:24)
    at async asyncRunEntryPointWithESMLoader (node:internal/modules/run_main:117:5)
2026-05-28 15:59:46 [error]: ReferenceError: express is not defined
    at file:///C:/Users/Owner/Desktop/js-projects/devops/acquisitions/src/config/arcjet.js:4:13
    at ModuleJob.run (node:internal/modules/esm/module_job:325:25)
    at async ModuleLoader.import (node:internal/modules/esm/loader:606:24)
    at async asyncRunEntryPointWithESMLoader (node:internal/modules/run_main:117:5)
2026-05-28 16:02:54 [error]: ReferenceError: express is not defined
    at file:///C:/Users/Owner/Desktop/js-projects/devops/acquisitions/src/config/arcjet.js:4:13
    at ModuleJob.run (node:internal/modules/esm/module_job:325:25)
    at async ModuleLoader.import (node:internal/modules/esm/loader:606:24)
    at async asyncRunEntryPointWithESMLoader (node:internal/modules/run_main:117:5)
2026-05-28 16:07:21 [error]: ReferenceError: express is not defined
    at file:///C:/Users/Owner/Desktop/js-projects/devops/acquisitions/src/config/arcjet.js:4:13
    at ModuleJob.run (node:internal/modules/esm/module_job:325:25)
    at async ModuleLoader.import (node:internal/modules/esm/loader:606:24)
    at async asyncRunEntryPointWithESMLoader (node:internal/modules/run_main:117:5)
